{"commitInfo":{"timestamp":1607367269873,"operation":"WRITE","operationParameters":{"mode":"Overwrite","partitionBy":"[]"},"readVersion":4,"isBlindAppend":false}}
{"add":{"path":"part-00000-0658710f-3b61-408e-99c8-9ebb8562f176-c000.snappy.parquet","partitionValues":{},"size":695,"modificationTime":1607367269000,"dataChange":false}}
{"add":{"path":"part-00001-ee133c39-395c-4a8b-82ba-151c308f9955-c000.snappy.parquet","partitionValues":{},"size":697,"modificationTime":1607367269000,"dataChange":false}}
{"remove":{"path":"part-00001-c9b8ae97-23d8-407f-9b71-075a4e2d1869-c000.snappy.parquet","deletionTimestamp":1607367269872,"dataChange":false}}
{"remove":{"path":"part-00000-5e47fa23-30de-407b-a2cc-ed2b59bcd509-c000.snappy.parquet","deletionTimestamp":1607367269872,"dataChange":false}}
{"remove":{"path":"part-00000-f16898ff-72a8-4508-b716-c3037e6b25c3-c000.snappy.parquet","deletionTimestamp":1607367269872,"dataChange":false}}
