{"commitInfo":{"timestamp":1607367266141,"operation":"WRITE","operationParameters":{"mode":"Append","partitionBy":"[]"},"readVersion":2,"isBlindAppend":true}}
{"add":{"path":"part-00000-5e47fa23-30de-407b-a2cc-ed2b59bcd509-c000.snappy.parquet","partitionValues":{},"size":687,"modificationTime":1607367266000,"dataChange":true}}
{"add":{"path":"part-00001-c9b8ae97-23d8-407f-9b71-075a4e2d1869-c000.snappy.parquet","partitionValues":{},"size":705,"modificationTime":1607367266000,"dataChange":true}}
