{"commitInfo":{"timestamp":1607367262775,"operation":"WRITE","operationParameters":{"mode":"Append","partitionBy":"[]"},"readVersion":0,"isBlindAppend":true}}
{"add":{"path":"part-00000-529436db-5072-44d4-bee6-df228085ca49-c000.snappy.parquet","partitionValues":{},"size":649,"modificationTime":1607367262000,"dataChange":true}}
{"add":{"path":"part-00001-fc021484-e324-4615-8db3-be93ba00dff8-c000.snappy.parquet","partitionValues":{},"size":649,"modificationTime":1607367262000,"dataChange":true}}
