{"commitInfo":{"timestamp":1607367285932,"operation":"Manual Update","operationParameters":{},"readVersion":0,"isBlindAppend":false}}
{"remove":{"path":"foo","deletionTimestamp":1607367285925,"dataChange":true}}
