{"commitInfo":{"timestamp":1607367285386,"operation":"Manual Update","operationParameters":{},"isBlindAppend":true}}
{"protocol":{"minReaderVersion":1,"minWriterVersion":2}}
{"metaData":{"id":"959e014a-665a-47ac-85e8-64d3d9360d4c","format":{"provider":"parquet","options":{}},"partitionColumns":[],"configuration":{},"createdTime":1607367285386}}
{"add":{"path":"foo","partitionValues":{},"size":1,"modificationTime":1600000000000,"dataChange":true}}
