{"commitInfo":{"timestamp":1607367275740,"operation":"Manual Update","operationParameters":{},"readVersion":2,"isBlindAppend":true}}
{"add":{"path":"3","partitionValues":{},"size":1,"modificationTime":1,"dataChange":true}}
