{"commitInfo":{"timestamp":1607367278766,"operation":"Manual Update","operationParameters":{},"readVersion":6,"isBlindAppend":true}}
{"add":{"path":"7","partitionValues":{},"size":1,"modificationTime":1,"dataChange":true}}
