{"metaData":{"id":"c9b54527-7eb7-4baf-9df2-e3d064a53502","format":{"provider":"parquet","options":{}},"partitionColumns":[],"configuration":{},"createdTime":1607435726042}}
{"protocol":{"minReaderVersion":1,"minWriterVersion":2}}
{"commitInfo":{"version":0,"timestamp":1540415658000,"userId":"user_0","userName":"username_0","operation":"WRITE","operationParameters":{"test":"test"},"job":{"jobId":"job_id_0","jobName":"job_name_0","runId":"run_id_0","jobOwnerId":"job_owner_0","triggerType":"trigger_type_0"},"notebook":{"notebookId":"notebook_id_0"},"clusterId":"cluster_id_0","readVersion":-1,"isolationLevel":"default","isBlindAppend":true}}
{"add":{"path":"abc","partitionValues":{},"size":1,"modificationTime":1,"dataChange":true}}
