{"commitInfo":{"timestamp":1607367289405,"operation":"Manual Update","operationParameters":{},"readVersion":1,"isBlindAppend":true}}
{"add":{"path":"foo","partitionValues":{},"size":1,"modificationTime":1607367289398,"dataChange":true}}
