{"commitInfo":{"timestamp":1636058525716,"operation":"WRITE","operationParameters":{"mode":"ErrorIfExists","partitionBy":"[\"as_int\",\"as_long\",\"as_byte\",\"as_short\",\"as_boolean\",\"as_float\",\"as_double\",\"as_string\",\"as_date\",\"as_timestamp\",\"as_big_decimal\"]"},"isBlindAppend":true,"operationMetrics":{"numFiles":"3","numOutputBytes":"5832","numOutputRows":"3"}}}
{"protocol":{"minReaderVersion":1,"minWriterVersion":2}}
{"metaData":{"id":"testId","format":{"provider":"parquet","options":{}},"schemaString":"{\"type\":\"struct\",\"fields\":[{\"name\":\"as_int\",\"type\":\"integer\",\"nullable\":true,\"metadata\":{}},{\"name\":\"as_long\",\"type\":\"long\",\"nullable\":true,\"metadata\":{}},{\"name\":\"as_byte\",\"type\":\"byte\",\"nullable\":true,\"metadata\":{}},{\"name\":\"as_short\",\"type\":\"short\",\"nullable\":true,\"metadata\":{}},{\"name\":\"as_boolean\",\"type\":\"boolean\",\"nullable\":true,\"metadata\":{}},{\"name\":\"as_float\",\"type\":\"float\",\"nullable\":true,\"metadata\":{}},{\"name\":\"as_double\",\"type\":\"double\",\"nullable\":true,\"metadata\":{}},{\"name\":\"as_string\",\"type\":\"string\",\"nullable\":true,\"metadata\":{}},{\"name\":\"as_date\",\"type\":\"date\",\"nullable\":true,\"metadata\":{}},{\"name\":\"as_timestamp\",\"type\":\"timestamp\",\"nullable\":true,\"metadata\":{}},{\"name\":\"as_big_decimal\",\"type\":\"decimal(1,0)\",\"nullable\":true,\"metadata\":{}},{\"name\":\"as_list_of_records\",\"type\":{\"type\":\"array\",\"elementType\":{\"type\":\"struct\",\"fields\":[{\"name\":\"val\",\"type\":\"integer\",\"nullable\":true,\"metadata\":{}}]},\"containsNull\":true},\"nullable\":true,\"metadata\":{}},{\"name\":\"as_nested_struct\",\"type\":{\"type\":\"struct\",\"fields\":[{\"name\":\"aa\",\"type\":\"string\",\"nullable\":true,\"metadata\":{}},{\"name\":\"ab\",\"type\":\"string\",\"nullable\":true,\"metadata\":{}},{\"name\":\"ac\",\"type\":{\"type\":\"struct\",\"fields\":[{\"name\":\"aca\",\"type\":\"integer\",\"nullable\":true,\"metadata\":{}},{\"name\":\"acb\",\"type\":\"long\",\"nullable\":true,\"metadata\":{}}]},\"nullable\":true,\"metadata\":{}}]},\"nullable\":true,\"metadata\":{}},{\"name\":\"value\",\"type\":\"string\",\"nullable\":true,\"metadata\":{}}]}","partitionColumns":["as_int","as_long","as_byte","as_short","as_boolean","as_float","as_double","as_string","as_date","as_timestamp","as_big_decimal"],"configuration":{},"createdTime":1636058523677}}
{"add":{"path":"as_int=0/as_long=0/as_byte=0/as_short=0/as_boolean=true/as_float=0.0/as_double=0.0/as_string=0/as_date=2021-09-08/as_timestamp=2021-09-08%2011%253A11%253A11/as_big_decimal=0/part-00000-9009107b-0f25-4ef7-8216-0555dffad10f.c000.snappy.parquet","partitionValues":{"as_big_decimal":"0","as_int":"0","as_byte":"0","as_long":"0","as_date":"2021-09-08","as_string":"0","as_timestamp":"2021-09-08 11:11:11","as_float":"0.0","as_short":"0","as_boolean":"true","as_double":"0.0"},"size":1944,"modificationTime":1636058525000,"dataChange":true}}
{"add":{"path":"as_int=__HIVE_DEFAULT_PARTITION__/as_long=__HIVE_DEFAULT_PARTITION__/as_byte=__HIVE_DEFAULT_PARTITION__/as_short=__HIVE_DEFAULT_PARTITION__/as_boolean=__HIVE_DEFAULT_PARTITION__/as_float=__HIVE_DEFAULT_PARTITION__/as_double=__HIVE_DEFAULT_PARTITION__/as_string=__HIVE_DEFAULT_PARTITION__/as_date=__HIVE_DEFAULT_PARTITION__/as_timestamp=__HIVE_DEFAULT_PARTITION__/as_big_decimal=__HIVE_DEFAULT_PARTITION__/part-00001-863f0adc-657f-42a6-883e-4f85119f527c.c000.snappy.parquet","partitionValues":{"as_big_decimal":null,"as_int":null,"as_byte":null,"as_long":null,"as_date":null,"as_string":null,"as_timestamp":null,"as_float":null,"as_short":null,"as_boolean":null,"as_double":null},"size":1944,"modificationTime":1636058525000,"dataChange":true}}
{"add":{"path":"as_int=1/as_long=1/as_byte=1/as_short=1/as_boolean=false/as_float=1.0/as_double=1.0/as_string=1/as_date=2021-09-08/as_timestamp=2021-09-08%2011%253A11%253A11/as_big_decimal=1/part-00001-2bcd663e-e394-47d9-b828-369b09988211.c000.snappy.parquet","partitionValues":{"as_big_decimal":"1","as_int":"1","as_byte":"1","as_long":"1","as_date":"2021-09-08","as_string":"1","as_timestamp":"2021-09-08 11:11:11","as_float":"1.0","as_short":"1","as_boolean":"false","as_double":"1.0"},"size":1944,"modificationTime":1636058525000,"dataChange":true}}
