{"protocol":{"minReaderVersion":1,"minWriterVersion":2}}
{"metaData":{"id":"fb757801-a277-4dc9-b6bd-9d27be7bdb17","format":{"provider":"parquet","options":{}},"partitionColumns":[],"configuration":{},"createdTime":1607367283505}}
{"add":{"path":"/some/unqualified/absolute/path","partitionValues":{},"size":100,"modificationTime":10,"dataChange":true}}
