{"commitInfo":{"timestamp":1637189130362,"operation":"Manual Update","operationParameters":{},"readVersion":24,"isBlindAppend":true,"operationMetrics":{}}}
{"add":{"path":"25","partitionValues":{},"size":1,"modificationTime":1,"dataChange":true}}
