{"commitInfo":{"timestamp":1637189128163,"operation":"Manual Update","operationParameters":{},"readVersion":20,"isBlindAppend":true,"operationMetrics":{}}}
{"add":{"path":"21","partitionValues":{},"size":1,"modificationTime":1,"dataChange":true}}
