{"commitInfo":{"timestamp":1637189132576,"operation":"Manual Update","operationParameters":{},"readVersion":28,"isBlindAppend":true,"operationMetrics":{}}}
{"add":{"path":"29","partitionValues":{},"size":1,"modificationTime":1,"dataChange":true}}
