{"commitInfo":{"timestamp":1637189129816,"operation":"Manual Update","operationParameters":{},"readVersion":23,"isBlindAppend":true,"operationMetrics":{}}}
{"add":{"path":"24","partitionValues":{},"size":1,"modificationTime":1,"dataChange":true}}
