{"protocol":{"minReaderVersion":1,"minWriterVersion":2}}
{"metaData":{"id":"dfd214bd-7cac-450b-907b-ed17f430d943","format":{"provider":"parquet","options":{}},"partitionColumns":[],"configuration":{},"createdTime":1607367283972}}
{"add":{"path":"/some/unqualified/absolute/path","partitionValues":{},"size":100,"modificationTime":10,"dataChange":true}}
