{"protocol":{"minReaderVersion":1,"minWriterVersion":2}}
{"metaData":{"id":"e96f6258-1be8-4d08-a867-986db43e165b","format":{"provider":"parquet","options":{}},"partitionColumns":[],"configuration":{},"createdTime":1607367284438}}
{"add":{"path":"/some/unqualified/with%20space/p@%23h","partitionValues":{},"size":100,"modificationTime":10,"dataChange":true}}
