{"commitInfo":{"timestamp":1607367316688,"operation":"WRITE","operationParameters":{"mode":"Append","partitionBy":"[]"},"readVersion":0,"isBlindAppend":true}}
{"add":{"path":"part-00000-d6b5f325-dc89-4b16-8fea-629cb92cf241-c000.snappy.parquet","partitionValues":{},"size":451,"modificationTime":1607367316000,"dataChange":true}}
{"add":{"path":"part-00001-5b979e7e-6ad2-4b0d-b10a-46190741d447-c000.snappy.parquet","partitionValues":{},"size":451,"modificationTime":1607367316000,"dataChange":true}}
