{"protocol":{"minReaderVersion":99,"minWriterVersion":2}}
{"metaData":{"id":"81fea4ac-9b7d-40e3-bcc1-23ff0ab69750","format":{"provider":"parquet","options":{}},"partitionColumns":[],"configuration":{},"createdTime":1607367313347}}
{"add":{"path":"abc","partitionValues":{},"size":1,"modificationTime":1,"dataChange":true}}
