{"commitInfo":{"timestamp":1607367327252,"operation":"WRITE","operationParameters":{"mode":"ErrorIfExists","partitionBy":"[]"},"isBlindAppend":true}}
{"protocol":{"minReaderVersion":1,"minWriterVersion":2}}
{"metaData":{"id":"5a6ce31e-be6e-423f-ba5f-ec318018198d","format":{"provider":"parquet","options":{}},"schemaString":"{\"type\":\"struct\",\"fields\":[{\"name\":\"timestamp\",\"type\":\"timestamp\",\"nullable\":true,\"metadata\":{}},{\"name\":\"date\",\"type\":\"date\",\"nullable\":true,\"metadata\":{}}]}","partitionColumns":[],"configuration":{},"createdTime":1607367327195}}
{"add":{"path":"part-00000-97b4be53-417b-4328-a684-21a05a9b4f7e-c000.snappy.parquet","partitionValues":{},"size":358,"modificationTime":1607367327000,"dataChange":true}}
{"add":{"path":"part-00001-17938b3c-37ec-4a55-a7ad-ea4eb7cf4355-c000.snappy.parquet","partitionValues":{},"size":717,"modificationTime":1607367327000,"dataChange":true}}
