{"commitInfo":{"timestamp":1607367261290,"operation":"WRITE","operationParameters":{"mode":"Append","partitionBy":"[]"},"isBlindAppend":true}}
{"protocol":{"minReaderVersion":1,"minWriterVersion":2}}
{"metaData":{"id":"9b8860e8-ed1a-4628-bfd9-2ec95d396532","format":{"provider":"parquet","options":{}},"schemaString":"{\"type\":\"struct\",\"fields\":[{\"name\":\"col1\",\"type\":\"integer\",\"nullable\":true,\"metadata\":{}},{\"name\":\"col2\",\"type\":\"string\",\"nullable\":true,\"metadata\":{}}]}","partitionColumns":[],"configuration":{},"createdTime":1607367261173}}
{"add":{"path":"part-00000-33704bae-25df-4a07-b65a-93c68217d1d0-c000.snappy.parquet","partitionValues":{},"size":650,"modificationTime":1607367261000,"dataChange":true}}
{"add":{"path":"part-00001-e8a20970-7fcd-4988-bf85-ea94fea2687e-c000.snappy.parquet","partitionValues":{},"size":650,"modificationTime":1607367261000,"dataChange":true}}
