{"commitInfo":{"timestamp":1607367264646,"operation":"WRITE","operationParameters":{"mode":"Overwrite","partitionBy":"[]"},"readVersion":1,"isBlindAppend":false}}
{"add":{"path":"part-00000-5af230ff-c4c5-4c97-b4e8-eea7ac568193-c000.snappy.parquet","partitionValues":{},"size":649,"modificationTime":1607367264000,"dataChange":true}}
{"add":{"path":"part-00001-889ca43e-9d3c-4660-b68c-33d79a2e27f1-c000.snappy.parquet","partitionValues":{},"size":649,"modificationTime":1607367264000,"dataChange":true}}
{"remove":{"path":"part-00000-33704bae-25df-4a07-b65a-93c68217d1d0-c000.snappy.parquet","deletionTimestamp":1607367264646,"dataChange":true}}
{"remove":{"path":"part-00000-529436db-5072-44d4-bee6-df228085ca49-c000.snappy.parquet","deletionTimestamp":1607367264646,"dataChange":true}}
{"remove":{"path":"part-00001-e8a20970-7fcd-4988-bf85-ea94fea2687e-c000.snappy.parquet","deletionTimestamp":1607367264646,"dataChange":true}}
{"remove":{"path":"part-00001-fc021484-e324-4615-8db3-be93ba00dff8-c000.snappy.parquet","deletionTimestamp":1607367264646,"dataChange":true}}
