{"commitInfo":{"timestamp":1607367297080,"operation":"Manual Update","operationParameters":{},"readVersion":7,"isBlindAppend":true}}
{"add":{"path":"8","partitionValues":{},"size":1,"modificationTime":1,"dataChange":true}}
