{"commitInfo":{"timestamp":1607367315260,"operation":"WRITE","operationParameters":{"mode":"Append","partitionBy":"[]"},"isBlindAppend":true}}
{"protocol":{"minReaderVersion":1,"minWriterVersion":2}}
{"metaData":{"id":"42da8633-5fbe-4017-8c8b-e1055863cf20","format":{"provider":"parquet","options":{}},"schemaString":"{\"type\":\"struct\",\"fields\":[{\"name\":\"id\",\"type\":\"long\",\"nullable\":true,\"metadata\":{}}]}","partitionColumns":[],"configuration":{},"createdTime":1607367315188}}
{"add":{"path":"part-00000-103938ea-c3f2-4e9d-a964-7d8598e08305-c000.snappy.parquet","partitionValues":{},"size":449,"modificationTime":1607367315000,"dataChange":true}}
{"add":{"path":"part-00001-219e966e-c2c2-4ee8-9119-340ee177a65c-c000.snappy.parquet","partitionValues":{},"size":451,"modificationTime":1607367315000,"dataChange":true}}
