{"commitInfo":{"timestamp":1607367334584,"operation":"WRITE","operationParameters":{"mode":"ErrorIfExists","partitionBy":"[]"},"isBlindAppend":true}}
{"protocol":{"minReaderVersion":1,"minWriterVersion":2}}
{"metaData":{"id":"88cc48b0-7200-4c90-b6ab-0e02e866599a","format":{"provider":"parquet","options":{}},"schemaString":"{\"type\":\"struct\",\"fields\":[{\"name\":\"a\",\"type\":{\"type\":\"struct\",\"fields\":[{\"name\":\"aa\",\"type\":\"string\",\"nullable\":true,\"metadata\":{}},{\"name\":\"ab\",\"type\":\"string\",\"nullable\":true,\"metadata\":{}},{\"name\":\"ac\",\"type\":{\"type\":\"struct\",\"fields\":[{\"name\":\"aca\",\"type\":\"integer\",\"nullable\":true,\"metadata\":{}},{\"name\":\"acb\",\"type\":\"long\",\"nullable\":true,\"metadata\":{}}]},\"nullable\":true,\"metadata\":{}}]},\"nullable\":true,\"metadata\":{}},{\"name\":\"b\",\"type\":\"integer\",\"nullable\":true,\"metadata\":{}}]}","partitionColumns":[],"configuration":{},"createdTime":1607367334507}}
{"add":{"path":"part-00000-00b45fca-adef-4376-8fc5-578c56a12d86-c000.snappy.parquet","partitionValues":{},"size":1432,"modificationTime":1607367334000,"dataChange":true}}
{"add":{"path":"part-00001-671472bc-062b-4ac7-a13d-ff146bdec27d-c000.snappy.parquet","partitionValues":{},"size":1439,"modificationTime":1607367334000,"dataChange":true}}
