{"commitInfo":{"timestamp":1607367320563,"operation":"WRITE","operationParameters":{"mode":"Append","partitionBy":"[]"},"readVersion":0,"isBlindAppend":true}}
{"metaData":{"id":"afe19a6f-a233-4337-a64f-cf0b4e5167d1","format":{"provider":"parquet","options":{}},"schemaString":"{\"type\":\"struct\",\"fields\":[{\"name\":\"id\",\"type\":\"long\",\"nullable\":true,\"metadata\":{}},{\"name\":\"part\",\"type\":\"long\",\"nullable\":true,\"metadata\":{}}]}","partitionColumns":[],"configuration":{},"createdTime":1607367319131}}
{"add":{"path":"part-00000-fb10c761-7689-4006-b0b5-fa726da5f559-c000.snappy.parquet","partitionValues":{},"size":711,"modificationTime":1607367320000,"dataChange":true}}
{"add":{"path":"part-00001-898cd8b5-cc54-421a-89a4-97d1a11bacdf-c000.snappy.parquet","partitionValues":{},"size":711,"modificationTime":1607367320000,"dataChange":true}}
