{"commitInfo":{"timestamp":1607367258895,"operation":"Manual Update","operationParameters":{},"readVersion":11,"isBlindAppend":false}}
{"remove":{"path":"12","deletionTimestamp":1607367258895,"dataChange":true}}
{"add":{"path":"13","partitionValues":{},"size":1,"modificationTime":1,"dataChange":true}}
