{"commitInfo":{"timestamp":1607367249649,"operation":"Manual Update","operationParameters":{},"readVersion":2,"isBlindAppend":false}}
{"remove":{"path":"3","deletionTimestamp":1607367249649,"dataChange":true}}
{"add":{"path":"4","partitionValues":{},"size":1,"modificationTime":1,"dataChange":true}}
