{"commitInfo":{"timestamp":1607367258102,"operation":"Manual Update","operationParameters":{},"readVersion":10,"isBlindAppend":false}}
{"remove":{"path":"11","deletionTimestamp":1607367258102,"dataChange":true}}
{"add":{"path":"12","partitionValues":{},"size":1,"modificationTime":1,"dataChange":true}}
