{"commitInfo":{"timestamp":1607367260063,"operation":"Manual Update","operationParameters":{},"readVersion":13,"isBlindAppend":false}}
{"remove":{"path":"14","deletionTimestamp":1607367260063,"dataChange":true}}
{"add":{"path":"15","partitionValues":{},"size":1,"modificationTime":1,"dataChange":true}}
