{"commitInfo":{"timestamp":1607367250429,"operation":"Manual Update","operationParameters":{},"readVersion":3,"isBlindAppend":false}}
{"remove":{"path":"4","deletionTimestamp":1607367250429,"dataChange":true}}
{"add":{"path":"5","partitionValues":{},"size":1,"modificationTime":1,"dataChange":true}}
