{"commitInfo":{"timestamp":1607367333687,"operation":"WRITE","operationParameters":{"mode":"ErrorIfExists","partitionBy":"[]"},"isBlindAppend":true}}
{"protocol":{"minReaderVersion":1,"minWriterVersion":2}}
{"metaData":{"id":"1ec5a926-6816-4fcb-a156-610653c7d90e","format":{"provider":"parquet","options":{}},"schemaString":"{\"type\":\"struct\",\"fields\":[{\"name\":\"i\",\"type\":\"integer\",\"nullable\":true,\"metadata\":{}},{\"name\":\"a\",\"type\":{\"type\":\"map\",\"keyType\":\"integer\",\"valueType\":\"integer\",\"valueContainsNull\":true},\"nullable\":true,\"metadata\":{}},{\"name\":\"b\",\"type\":{\"type\":\"map\",\"keyType\":\"long\",\"valueType\":\"byte\",\"valueContainsNull\":true},\"nullable\":true,\"metadata\":{}},{\"name\":\"c\",\"type\":{\"type\":\"map\",\"keyType\":\"short\",\"valueType\":\"boolean\",\"valueContainsNull\":true},\"nullable\":true,\"metadata\":{}},{\"name\":\"d\",\"type\":{\"type\":\"map\",\"keyType\":\"float\",\"valueType\":\"double\",\"valueContainsNull\":true},\"nullable\":true,\"metadata\":{}},{\"name\":\"e\",\"type\":{\"type\":\"map\",\"keyType\":\"string\",\"valueType\":\"decimal(1,0)\",\"valueContainsNull\":true},\"nullable\":true,\"metadata\":{}},{\"name\":\"f\",\"type\":{\"type\":\"map\",\"keyType\":\"integer\",\"valueType\":{\"type\":\"array\",\"elementType\":{\"type\":\"struct\",\"fields\":[{\"name\":\"val\",\"type\":\"integer\",\"nullable\":true,\"metadata\":{}}]},\"containsNull\":true},\"valueContainsNull\":true},\"nullable\":true,\"metadata\":{}}]}","partitionColumns":[],"configuration":{},"createdTime":1607367333596}}
{"add":{"path":"part-00000-d8e968b0-ad1d-4ede-920f-b2eb9e0b5227-c000.snappy.parquet","partitionValues":{},"size":3638,"modificationTime":1607367333000,"dataChange":true}}
{"add":{"path":"part-00001-dfc6e5b1-b54b-4031-818f-fe6b0f7a2763-c000.snappy.parquet","partitionValues":{},"size":3655,"modificationTime":1607367333000,"dataChange":true}}
