{"commitInfo":{"timestamp":1626797693533,"operation":"Manual Update","operationParameters":{},"readVersion":0,"isBlindAppend":false,"operationMetrics":{}}}
{"add":{"path":"fake/path/2","partitionValues":{},"size":1,"modificationTime":1,"dataChange":true}}
{"remove":{"path":"fake/path/1","deletionTimestamp":100,"dataChange":true}}
