{"commitInfo":{"timestamp":1626797694272,"operation":"Manual Update","operationParameters":{},"readVersion":1,"isBlindAppend":true,"operationMetrics":{}}}
{"protocol":{"minReaderVersion":1,"minWriterVersion":2}}
{"txn":{"appId":"fakeAppId","version":3,"lastUpdated":200}}
