{"commitInfo":{"timestamp":1607367330802,"operation":"WRITE","operationParameters":{"mode":"ErrorIfExists","partitionBy":"[]"},"isBlindAppend":true}}
{"protocol":{"minReaderVersion":1,"minWriterVersion":2}}
{"metaData":{"id":"311f1123-6bf8-413b-80c4-9cf838ac571a","format":{"provider":"parquet","options":{}},"schemaString":"{\"type\":\"struct\",\"fields\":[{\"name\":\"timestamp\",\"type\":\"timestamp\",\"nullable\":true,\"metadata\":{}},{\"name\":\"date\",\"type\":\"date\",\"nullable\":true,\"metadata\":{}}]}","partitionColumns":[],"configuration":{},"createdTime":1607367330745}}
{"add":{"path":"part-00000-7e00ff98-c5fb-4878-9791-7e2c178da6f1-c000.snappy.parquet","partitionValues":{},"size":358,"modificationTime":1607367330000,"dataChange":true}}
{"add":{"path":"part-00001-5550a9c2-e65b-4a76-aae7-5708db3189e3-c000.snappy.parquet","partitionValues":{},"size":717,"modificationTime":1607367330000,"dataChange":true}}
