{"commitInfo":{"timestamp":1636396252828,"operation":"Manual Update","operationParameters":{},"readVersion":21,"isBlindAppend":true,"operationMetrics":{}}}
{"add":{"path":"22","partitionValues":{},"size":1,"modificationTime":1,"dataChange":true}}
