{"commitInfo":{"timestamp":1636396253974,"operation":"Manual Update","operationParameters":{},"readVersion":23,"isBlindAppend":true,"operationMetrics":{}}}
{"add":{"path":"24","partitionValues":{},"size":1,"modificationTime":1,"dataChange":true}}
