{"commitInfo":{"timestamp":1636396251344,"operation":"Manual Update","operationParameters":{},"readVersion":19,"isBlindAppend":true,"operationMetrics":{}}}
{"add":{"path":"20","partitionValues":{},"size":1,"modificationTime":1,"dataChange":true}}
