{"commitInfo":{"timestamp":1636759135431,"operation":"Manual Update","operationParameters":{},"readVersion":26,"isBlindAppend":true,"operationMetrics":{}}}
{"add":{"path":"27","partitionValues":{},"size":1,"modificationTime":1,"dataChange":true}}
